// Jest Snapshot v1, https://goo.gl/fbAQLP

exports[`test hedr 1`] = `
<header>
  <h1>
    Expensify
  </h1>
  <NavLink
    activeClassName="is-active"
    ariaCurrent="true"
    exact={true}
    to="/"
  >
    Damov
  </NavLink>
  <NavLink
    activeClassName="is-active"
    ariaCurrent="true"
    to="/create"
  >
    Novo
  </NavLink>
</header>
`;
